Archive member included to satisfy reference by file (symbol)

c:/st/stm32cubeide_1.5.1/stm32cubeide/plugins/com.st.stm32cube.ide.mcu.externaltools.gnu-tools-for-stm32.7-2018-q2-update.win32_1.5.0.202011040924/tools/bin/../lib/gcc/arm-none-eabi/7.3.1/../../../../arm-none-eabi/lib/thumb/v7-m\libc_nano.a(lib_a-errno.o)
                              Core/Src/syscalls.o (__errno)
c:/st/stm32cubeide_1.5.1/stm32cubeide/plugins/com.st.stm32cube.ide.mcu.externaltools.gnu-tools-for-stm32.7-2018-q2-update.win32_1.5.0.202011040924/tools/bin/../lib/gcc/arm-none-eabi/7.3.1/../../../../arm-none-eabi/lib/thumb/v7-m\libc_nano.a(lib_a-exit.o)
                              c:/st/stm32cubeide_1.5.1/stm32cubeide/plugins/com.st.stm32cube.ide.mcu.externaltools.gnu-tools-for-stm32.7-2018-q2-update.win32_1.5.0.202011040924/tools/bin/../lib/gcc/arm-none-eabi/7.3.1/../../../../arm-none-eabi/lib/thumb/v7-m/crt0.o (exit)
c:/st/stm32cubeide_1.5.1/stm32cubeide/plugins/com.st.stm32cube.ide.mcu.externaltools.gnu-tools-for-stm32.7-2018-q2-update.win32_1.5.0.202011040924/tools/bin/../lib/gcc/arm-none-eabi/7.3.1/../../../../arm-none-eabi/lib/thumb/v7-m\libc_nano.a(lib_a-impure.o)
                              c:/st/stm32cubeide_1.5.1/stm32cubeide/plugins/com.st.stm32cube.ide.mcu.externaltools.gnu-tools-for-stm32.7-2018-q2-update.win32_1.5.0.202011040924/tools/bin/../lib/gcc/arm-none-eabi/7.3.1/../../../../arm-none-eabi/lib/thumb/v7-m\libc_nano.a(lib_a-exit.o) (_global_impure_ptr)
c:/st/stm32cubeide_1.5.1/stm32cubeide/plugins/com.st.stm32cube.ide.mcu.externaltools.gnu-tools-for-stm32.7-2018-q2-update.win32_1.5.0.202011040924/tools/bin/../lib/gcc/arm-none-eabi/7.3.1/../../../../arm-none-eabi/lib/thumb/v7-m\libc_nano.a(lib_a-init.o)
                              c:/st/stm32cubeide_1.5.1/stm32cubeide/plugins/com.st.stm32cube.ide.mcu.externaltools.gnu-tools-for-stm32.7-2018-q2-update.win32_1.5.0.202011040924/tools/bin/../lib/gcc/arm-none-eabi/7.3.1/../../../../arm-none-eabi/lib/thumb/v7-m/crt0.o (__libc_init_array)
c:/st/stm32cubeide_1.5.1/stm32cubeide/plugins/com.st.stm32cube.ide.mcu.externaltools.gnu-tools-for-stm32.7-2018-q2-update.win32_1.5.0.202011040924/tools/bin/../lib/gcc/arm-none-eabi/7.3.1/../../../../arm-none-eabi/lib/thumb/v7-m\libc_nano.a(lib_a-memset.o)
                              c:/st/stm32cubeide_1.5.1/stm32cubeide/plugins/com.st.stm32cube.ide.mcu.externaltools.gnu-tools-for-stm32.7-2018-q2-update.win32_1.5.0.202011040924/tools/bin/../lib/gcc/arm-none-eabi/7.3.1/../../../../arm-none-eabi/lib/thumb/v7-m/crt0.o (memset)

Allocating common symbols
Common symbol       size              file

hUsbDeviceFS        0x2c4             USB_DEVICE/App/usb_device.o
uwTick              0x4               Drivers/STM32F1xx_HAL_Driver/Src/stm32f1xx_hal.o
pFlash              0x20              Drivers/STM32F1xx_HAL_Driver/Src/stm32f1xx_hal_flash.o
hpcd_USB_FS         0x2ec             USB_DEVICE/Target/usbd_conf.o
USBD_StrDesc        0x200             USB_DEVICE/App/usbd_desc.o

Discarded input sections

 .text          0x0000000000000000        0x0 c:/st/stm32cubeide_1.5.1/stm32cubeide/plugins/com.st.stm32cube.ide.mcu.externaltools.gnu-tools-for-stm32.7-2018-q2-update.win32_1.5.0.202011040924/tools/bin/../lib/gcc/arm-none-eabi/7.3.1/thumb/v7-m/crti.o
 .data          0x0000000000000000        0x0 c:/st/stm32cubeide_1.5.1/stm32cubeide/plugins/com.st.stm32cube.ide.mcu.externaltools.gnu-tools-for-stm32.7-2018-q2-update.win32_1.5.0.202011040924/tools/bin/../lib/gcc/arm-none-eabi/7.3.1/thumb/v7-m/crti.o
 .bss           0x0000000000000000        0x0 c:/st/stm32cubeide_1.5.1/stm32cubeide/plugins/com.st.stm32cube.ide.mcu.externaltools.gnu-tools-for-stm32.7-2018-q2-update.win32_1.5.0.202011040924/tools/bin/../lib/gcc/arm-none-eabi/7.3.1/thumb/v7-m/crti.o
 .data          0x0000000000000000        0x4 c:/st/stm32cubeide_1.5.1/stm32cubeide/plugins/com.st.stm32cube.ide.mcu.externaltools.gnu-tools-for-stm32.7-2018-q2-update.win32_1.5.0.202011040924/tools/bin/../lib/gcc/arm-none-eabi/7.3.1/thumb/v7-m/crtbegin.o
 .text          0x0000000000000000       0x74 c:/st/stm32cubeide_1.5.1/stm32cubeide/plugins/com.st.stm32cube.ide.mcu.externaltools.gnu-tools-for-stm32.7-2018-q2-update.win32_1.5.0.202011040924/tools/bin/../lib/gcc/arm-none-eabi/7.3.1/../../../../arm-none-eabi/lib/thumb/v7-m/crt0.o
 .data          0x0000000000000000        0x0 c:/st/stm32cubeide_1.5.1/stm32cubeide/plugins/com.st.stm32cube.ide.mcu.externaltools.gnu-tools-for-stm32.7-2018-q2-update.win32_1.5.0.202011040924/tools/bin/../lib/gcc/arm-none-eabi/7.3.1/../../../../arm-none-eabi/lib/thumb/v7-m/crt0.o
 .bss           0x0000000000000000        0x0 c:/st/stm32cubeide_1.5.1/stm32cubeide/plugins/com.st.stm32cube.ide.mcu.externaltools.gnu-tools-for-stm32.7-2018-q2-update.win32_1.5.0.202011040924/tools/bin/../lib/gcc/arm-none-eabi/7.3.1/../../../../arm-none-eabi/lib/thumb/v7-m/crt0.o
[...]
Memory Configuration

Name             Origin             Length             Attributes
RAM              0x0000000020000000 0x0000000000005000 xrw
FLASH            0x0000000008000000 0x0000000000010000 xr
*default*        0x0000000000000000 0xffffffffffffffff

Linker script and memory map

LOAD c:/st/stm32cubeide_1.5.1/stm32cubeide/plugins/com.st.stm32cube.ide.mcu.externaltools.gnu-tools-for-stm32.7-2018-q2-update.win32_1.5.0.202011040924/tools/bin/../lib/gcc/arm-none-eabi/7.3.1/thumb/v7-m/crti.o
LOAD c:/st/stm32cubeide_1.5.1/stm32cubeide/plugins/com.st.stm32cube.ide.mcu.externaltools.gnu-tools-for-stm32.7-2018-q2-update.win32_1.5.0.202011040924/tools/bin/../lib/gcc/arm-none-eabi/7.3.1/thumb/v7-m/crtbegin.o
LOAD c:/st/stm32cubeide_1.5.1/stm32cubeide/plugins/com.st.stm32cube.ide.mcu.externaltools.gnu-tools-for-stm32.7-2018-q2-update.win32_1.5.0.202011040924/tools/bin/../lib/gcc/arm-none-eabi/7.3.1/../../../../arm-none-eabi/lib/thumb/v7-m/crt0.o
LOAD Core/Src/main.o
LOAD Core/Src/stm32f1xx_hal_msp.o
LOAD Core/Src/stm32f1xx_it.o
LOAD Core/Src/syscalls.o
LOAD Core/Src/sysmem.o
LOAD Core/Src/system_stm32f1xx.o
LOAD Core/Startup/startup_stm32f103c8tx.o
LOAD Drivers/STM32F1xx_HAL_Driver/Src/stm32f1xx_hal.o
LOAD Drivers/STM32F1xx_HAL_Driver/Src/stm32f1xx_hal_cortex.o
LOAD Drivers/STM32F1xx_HAL_Driver/Src/stm32f1xx_hal_dma.o
LOAD Drivers/STM32F1xx_HAL_Driver/Src/stm32f1xx_hal_exti.o
LOAD Drivers/STM32F1xx_HAL_Driver/Src/stm32f1xx_hal_flash.o
LOAD Drivers/STM32F1xx_HAL_Driver/Src/stm32f1xx_hal_flash_ex.o
LOAD Drivers/STM32F1xx_HAL_Driver/Src/stm32f1xx_hal_gpio.o
LOAD Drivers/STM32F1xx_HAL_Driver/Src/stm32f1xx_hal_gpio_ex.o
LOAD Drivers/STM32F1xx_HAL_Driver/Src/stm32f1xx_hal_pcd.o
LOAD Drivers/STM32F1xx_HAL_Driver/Src/stm32f1xx_hal_pcd_ex.o
LOAD Drivers/STM32F1xx_HAL_Driver/Src/stm32f1xx_hal_pwr.o
LOAD Drivers/STM32F1xx_HAL_Driver/Src/stm32f1xx_hal_rcc.o
LOAD Drivers/STM32F1xx_HAL_Driver/Src/stm32f1xx_hal_rcc_ex.o
LOAD Drivers/STM32F1xx_HAL_Driver/Src/stm32f1xx_hal_tim.o
LOAD Drivers/STM32F1xx_HAL_Driver/Src/stm32f1xx_hal_tim_ex.o
LOAD Drivers/STM32F1xx_HAL_Driver/Src/stm32f1xx_ll_usb.o
LOAD Middlewares/ST/STM32_USB_Device_Library/Class/HID/Src/usbd_hid.o
LOAD Middlewares/ST/STM32_USB_Device_Library/Core/Src/usbd_core.o
LOAD Middlewares/ST/STM32_USB_Device_Library/Core/Src/usbd_ctlreq.o
LOAD Middlewares/ST/STM32_USB_Device_Library/Core/Src/usbd_ioreq.o
LOAD USB_DEVICE/App/usb_device.o
LOAD USB_DEVICE/App/usbd_desc.o
LOAD USB_DEVICE/Target/usbd_conf.o
START GROUP
LOAD c:/st/stm32cubeide_1.5.1/stm32cubeide/plugins/com.st.stm32cube.ide.mcu.externaltools.gnu-tools-for-stm32.7-2018-q2-update.win32_1.5.0.202011040924/tools/bin/../lib/gcc/arm-none-eabi/7.3.1/../../../../arm-none-eabi/lib/thumb/v7-m\libc_nano.a
LOAD c:/st/stm32cubeide_1.5.1/stm32cubeide/plugins/com.st.stm32cube.ide.mcu.externaltools.gnu-tools-for-stm32.7-2018-q2-update.win32_1.5.0.202011040924/tools/bin/../lib/gcc/arm-none-eabi/7.3.1/../../../../arm-none-eabi/lib/thumb/v7-m\libm.a
END GROUP
START GROUP
LOAD c:/st/stm32cubeide_1.5.1/stm32cubeide/plugins/com.st.stm32cube.ide.mcu.externaltools.gnu-tools-for-stm32.7-2018-q2-update.win32_1.5.0.202011040924/tools/bin/../lib/gcc/arm-none-eabi/7.3.1/thumb/v7-m\libgcc.a
LOAD c:/st/stm32cubeide_1.5.1/stm32cubeide/plugins/com.st.stm32cube.ide.mcu.externaltools.gnu-tools-for-stm32.7-2018-q2-update.win32_1.5.0.202011040924/tools/bin/../lib/gcc/arm-none-eabi/7.3.1/../../../../arm-none-eabi/lib/thumb/v7-m\libc_nano.a
END GROUP
START GROUP
LOAD c:/st/stm32cubeide_1.5.1/stm32cubeide/plugins/com.st.stm32cube.ide.mcu.externaltools.gnu-tools-for-stm32.7-2018-q2-update.win32_1.5.0.202011040924/tools/bin/../lib/gcc/arm-none-eabi/7.3.1/thumb/v7-m\libgcc.a
LOAD c:/st/stm32cubeide_1.5.1/stm32cubeide/plugins/com.st.stm32cube.ide.mcu.externaltools.gnu-tools-for-stm32.7-2018-q2-update.win32_1.5.0.202011040924/tools/bin/../lib/gcc/arm-none-eabi/7.3.1/../../../../arm-none-eabi/lib/thumb/v7-m\libc_nano.a
LOAD c:/st/stm32cubeide_1.5.1/stm32cubeide/plugins/com.st.stm32cube.ide.mcu.externaltools.gnu-tools-for-stm32.7-2018-q2-update.win32_1.5.0.202011040924/tools/bin/../lib/gcc/arm-none-eabi/7.3.1/../../../../arm-none-eabi/lib/thumb/v7-m\libnosys.a
END GROUP
START GROUP
LOAD c:/st/stm32cubeide_1.5.1/stm32cubeide/plugins/com.st.stm32cube.ide.mcu.externaltools.gnu-tools-for-stm32.7-2018-q2-update.win32_1.5.0.202011040924/tools/bin/../lib/gcc/arm-none-eabi/7.3.1/thumb/v7-m\libgcc.a
LOAD c:/st/stm32cubeide_1.5.1/stm32cubeide/plugins/com.st.stm32cube.ide.mcu.externaltools.gnu-tools-for-stm32.7-2018-q2-update.win32_1.5.0.202011040924/tools/bin/../lib/gcc/arm-none-eabi/7.3.1/../../../../arm-none-eabi/lib/thumb/v7-m\libc_nano.a
LOAD c:/st/stm32cubeide_1.5.1/stm32cubeide/plugins/com.st.stm32cube.ide.mcu.externaltools.gnu-tools-for-stm32.7-2018-q2-update.win32_1.5.0.202011040924/tools/bin/../lib/gcc/arm-none-eabi/7.3.1/../../../../arm-none-eabi/lib/thumb/v7-m\libnosys.a
END GROUP
LOAD c:/st/stm32cubeide_1.5.1/stm32cubeide/plugins/com.st.stm32cube.ide.mcu.externaltools.gnu-tools-for-stm32.7-2018-q2-update.win32_1.5.0.202011040924/tools/bin/../lib/gcc/arm-none-eabi/7.3.1/thumb/v7-m/crtend.o
LOAD c:/st/stm32cubeide_1.5.1/stm32cubeide/plugins/com.st.stm32cube.ide.mcu.externaltools.gnu-tools-for-stm32.7-2018-q2-update.win32_1.5.0.202011040924/tools/bin/../lib/gcc/arm-none-eabi/7.3.1/thumb/v7-m/crtn.o
                0x0000000020005000                _estack = (ORIGIN (RAM) + LENGTH (RAM))
                0x0000000000000200                _Min_Heap_Size = 0x200
                0x0000000000000400                _Min_Stack_Size = 0x400

.isr_vector     0x0000000008000000      0x10c
                0x0000000008000000                . = ALIGN (0x4)
 *(.isr_vector)
 .isr_vector    0x0000000008000000      0x10c Core/Startup/startup_stm32f103c8tx.o
                0x0000000008000000                g_pfnVectors
                0x000000000800010c                . = ALIGN (0x4)

.text           0x000000000800010c     0x6f24
                0x000000000800010c                . = ALIGN (0x4)
 *(.text)
 .text          0x000000000800010c       0x40 c:/st/stm32cubeide_1.5.1/stm32cubeide/plugins/com.st.stm32cube.ide.mcu.externaltools.gnu-tools-for-stm32.7-2018-q2-update.win32_1.5.0.202011040924/tools/bin/../lib/gcc/arm-none-eabi/7.3.1/thumb/v7-m/crtbegin.o
 *(.text*)
 .text.main     0x000000000800014c      0x240 Core/Src/main.o
                0x000000000800014c                main
 .text.SystemClock_Config
                0x000000000800038c       0xb4 Core/Src/main.o
                0x000000000800038c                SystemClock_Config
 .text.MX_GPIO_Init
                0x0000000008000440       0xb4 Core/Src/main.o
 .text.Error_Handler
                0x00000000080004f4        0x8 Core/Src/main.o
                0x00000000080004f4                Error_Handler
 .text.HAL_MspInit
                0x00000000080004fc       0x64 Core/Src/stm32f1xx_hal_msp.o
                0x00000000080004fc                HAL_MspInit
 .text.NMI_Handler
                0x0000000008000560        0x6 Core/Src/stm32f1xx_it.o
                0x0000000008000560                NMI_Handler
 .text.HardFault_Handler
                0x0000000008000566        0x6 Core/Src/stm32f1xx_it.o
                0x0000000008000566                HardFault_Handler
 .text.MemManage_Handler
                0x000000000800056c        0x6 Core/Src/stm32f1xx_it.o
                0x000000000800056c                MemManage_Handler
 .text.BusFault_Handler
                0x0000000008000572        0x6 Core/Src/stm32f1xx_it.o
                0x0000000008000572                BusFault_Handler
 .text.UsageFault_Handler
                0x0000000008000578        0x6 Core/Src/stm32f1xx_it.o
                0x0000000008000578                UsageFault_Handler
 .text.SVC_Handler
                0x000000000800057e        0xc Core/Src/stm32f1xx_it.o
                0x000000000800057e                SVC_Handler
 .text.DebugMon_Handler
                0x000000000800058a        0xc Core/Src/stm32f1xx_it.o
                0x000000000800058a                DebugMon_Handler
 .text.PendSV_Handler
                0x0000000008000596        0xc Core/Src/stm32f1xx_it.o
                0x0000000008000596                PendSV_Handler
 .text.SysTick_Handler
                0x00000000080005a2        0xc Core/Src/stm32f1xx_it.o
                0x00000000080005a2                SysTick_Handler
 *fill*         0x00000000080005ae        0x2 
 .text.USB_LP_CAN1_RX0_IRQHandler
                0x00000000080005b0       0x14 Core/Src/stm32f1xx_it.o
                0x00000000080005b0                USB_LP_CAN1_RX0_IRQHandler
 .text.SystemInit
                0x00000000080005c4        0xc Core/Src/system_stm32f1xx.o
                0x00000000080005c4                SystemInit
 .text.Reset_Handler
                0x00000000080005d0       0x48 Core/Startup/startup_stm32f103c8tx.o
                0x00000000080005d0                Reset_Handler
 .text.Default_Handler
                0x0000000008000618        0x2 Core/Startup/startup_stm32f103c8tx.o
                0x0000000008000618                RTC_Alarm_IRQHandler
                0x0000000008000618                EXTI2_IRQHandler
                0x0000000008000618                TIM1_CC_IRQHandler
                0x0000000008000618                PVD_IRQHandler
                0x0000000008000618                EXTI3_IRQHandler
                0x0000000008000618                EXTI0_IRQHandler
                0x0000000008000618                I2C2_EV_IRQHandler
                0x0000000008000618                ADC1_2_IRQHandler
                0x0000000008000618                SPI1_IRQHandler
                0x0000000008000618                TAMPER_IRQHandler
                0x0000000008000618                DMA1_Channel4_IRQHandler
                0x0000000008000618                USART3_IRQHandler
                0x0000000008000618                RTC_IRQHandler
                0x0000000008000618                DMA1_Channel7_IRQHandler
                0x0000000008000618                CAN1_RX1_IRQHandler
                0x0000000008000618                TIM4_IRQHandler
                0x0000000008000618                I2C1_EV_IRQHandler
                0x0000000008000618                DMA1_Channel6_IRQHandler
                0x0000000008000618                TIM3_IRQHandler
                0x0000000008000618                RCC_IRQHandler
                0x0000000008000618                TIM1_TRG_COM_IRQHandler
                0x0000000008000618                DMA1_Channel1_IRQHandler
                0x0000000008000618                Default_Handler
                0x0000000008000618                EXTI15_10_IRQHandler
                0x0000000008000618                EXTI9_5_IRQHandler
                0x0000000008000618                SPI2_IRQHandler
                0x0000000008000618                DMA1_Channel5_IRQHandler
                0x0000000008000618                EXTI4_IRQHandler
                0x0000000008000618                USB_HP_CAN1_TX_IRQHandler
                0x0000000008000618                DMA1_Channel3_IRQHandler
                0x0000000008000618                TIM1_UP_IRQHandler
                0x0000000008000618                WWDG_IRQHandler
                0x0000000008000618                TIM2_IRQHandler
                0x0000000008000618                TIM1_BRK_IRQHandler
                0x0000000008000618                EXTI1_IRQHandler
                0x0000000008000618                USART2_IRQHandler
                0x0000000008000618                I2C2_ER_IRQHandler
                0x0000000008000618                DMA1_Channel2_IRQHandler
                0x0000000008000618                CAN1_SCE_IRQHandler
                0x0000000008000618                FLASH_IRQHandler
                0x0000000008000618                USART1_IRQHandler
                0x0000000008000618                I2C1_ER_IRQHandler
                0x0000000008000618                USBWakeUp_IRQHandler
 *fill*         0x000000000800061a        0x2 
 .text.HAL_Init
                0x000000000800061c       0x2c Drivers/STM32F1xx_HAL_Driver/Src/stm32f1xx_hal.o
                0x000000000800061c                HAL_Init
 .text.HAL_InitTick
                0x0000000008000648       0x60 Drivers/STM32F1xx_HAL_Driver/Src/stm32f1xx_hal.o
                0x0000000008000648                HAL_InitTick
 .text.HAL_IncTick
                0x00000000080006a8       0x24 Drivers/STM32F1xx_HAL_Driver/Src/stm32f1xx_hal.o
                0x00000000080006a8                HAL_IncTick
 .text.HAL_GetTick
                0x00000000080006cc       0x14 Drivers/STM32F1xx_HAL_Driver/Src/stm32f1xx_hal.o
                0x00000000080006cc                HAL_GetTick
 .text.HAL_Delay
                0x00000000080006e0       0x44 Drivers/STM32F1xx_HAL_Driver/Src/stm32f1xx_hal.o
                0x00000000080006e0                HAL_Delay
 .text.__NVIC_SetPriorityGrouping
                0x0000000008000724       0x48 Drivers/STM32F1xx_HAL_Driver/Src/stm32f1xx_hal_cortex.o
 .text.__NVIC_GetPriorityGrouping
                0x000000000800076c       0x1c Drivers/STM32F1xx_HAL_Driver/Src/stm32f1xx_hal_cortex.o
 .text.__NVIC_EnableIRQ
                0x0000000008000788       0x38 Drivers/STM32F1xx_HAL_Driver/Src/stm32f1xx_hal_cortex.o
 .text.__NVIC_SetPriority
                0x00000000080007c0       0x54 Drivers/STM32F1xx_HAL_Driver/Src/stm32f1xx_hal_cortex.o
 .text.NVIC_EncodePriority
                0x0000000008000814       0x64 Drivers/STM32F1xx_HAL_Driver/Src/stm32f1xx_hal_cortex.o
 .text.SysTick_Config
                0x0000000008000878       0x44 Drivers/STM32F1xx_HAL_Driver/Src/stm32f1xx_hal_cortex.o
 .text.HAL_NVIC_SetPriorityGrouping
                0x00000000080008bc       0x16 Drivers/STM32F1xx_HAL_Driver/Src/stm32f1xx_hal_cortex.o
                0x00000000080008bc                HAL_NVIC_SetPriorityGrouping
 .text.HAL_NVIC_SetPriority
                0x00000000080008d2       0x38 Drivers/STM32F1xx_HAL_Driver/Src/stm32f1xx_hal_cortex.o
                0x00000000080008d2                HAL_NVIC_SetPriority
 .text.HAL_NVIC_EnableIRQ
                0x000000000800090a       0x1c Drivers/STM32F1xx_HAL_Driver/Src/stm32f1xx_hal_cortex.o
                0x000000000800090a                HAL_NVIC_EnableIRQ
 .text.HAL_SYSTICK_Config
                0x0000000008000926       0x18 Drivers/STM32F1xx_HAL_Driver/Src/stm32f1xx_hal_cortex.o
                0x0000000008000926                HAL_SYSTICK_Config
 *fill*         0x000000000800093e        0x2 
 .text.HAL_GPIO_Init
                0x0000000008000940      0x2b4 Drivers/STM32F1xx_HAL_Driver/Src/stm32f1xx_hal_gpio.o
                0x0000000008000940                HAL_GPIO_Init
 .text.HAL_GPIO_ReadPin
                0x0000000008000bf4       0x2e Drivers/STM32F1xx_HAL_Driver/Src/stm32f1xx_hal_gpio.o
                0x0000000008000bf4                HAL_GPIO_ReadPin
 .text.HAL_GPIO_WritePin
                0x0000000008000c22       0x30 Drivers/STM32F1xx_HAL_Driver/Src/stm32f1xx_hal_gpio.o
                0x0000000008000c22                HAL_GPIO_WritePin
 .text.HAL_PCD_Init
                0x0000000008000c52      0x216 Drivers/STM32F1xx_HAL_Driver/Src/stm32f1xx_hal_pcd.o
                0x0000000008000c52                HAL_PCD_Init
 .text.HAL_PCD_Start
                0x0000000008000e68       0x4c Drivers/STM32F1xx_HAL_Driver/Src/stm32f1xx_hal_pcd.o
                0x0000000008000e68                HAL_PCD_Start
 .text.HAL_PCD_IRQHandler
                0x0000000008000eb4      0x2aa Drivers/STM32F1xx_HAL_Driver/Src/stm32f1xx_hal_pcd.o
                0x0000000008000eb4                HAL_PCD_IRQHandler
 .text.HAL_PCD_SetAddress
                0x000000000800115e       0x4a Drivers/STM32F1xx_HAL_Driver/Src/stm32f1xx_hal_pcd.o
                0x000000000800115e                HAL_PCD_SetAddress
 .text.HAL_PCD_EP_Open
                0x00000000080011a8       0xcc Drivers/STM32F1xx_HAL_Driver/Src/stm32f1xx_hal_pcd.o
                0x00000000080011a8                HAL_PCD_EP_Open
 .text.HAL_PCD_EP_Close
                0x0000000008001274       0x90 Drivers/STM32F1xx_HAL_Driver/Src/stm32f1xx_hal_pcd.o
                0x0000000008001274                HAL_PCD_EP_Close
 .text.HAL_PCD_EP_Receive
                0x0000000008001304       0x7a Drivers/STM32F1xx_HAL_Driver/Src/stm32f1xx_hal_pcd.o
                0x0000000008001304                HAL_PCD_EP_Receive
 .text.HAL_PCD_EP_Transmit
                0x000000000800137e       0x86 Drivers/STM32F1xx_HAL_Driver/Src/stm32f1xx_hal_pcd.o
                0x000000000800137e                HAL_PCD_EP_Transmit
 .text.HAL_PCD_EP_SetStall
                0x0000000008001404       0xc0 Drivers/STM32F1xx_HAL_Driver/Src/stm32f1xx_hal_pcd.o
                0x0000000008001404                HAL_PCD_EP_SetStall
 .text.HAL_PCD_EP_ClrStall
                0x00000000080014c4       0xa8 Drivers/STM32F1xx_HAL_Driver/Src/stm32f1xx_hal_pcd.o
                0x00000000080014c4                HAL_PCD_EP_ClrStall
 .text.PCD_EP_ISR_Handler
                0x000000000800156c      0x600 Drivers/STM32F1xx_HAL_Driver/Src/stm32f1xx_hal_pcd.o
 .text.HAL_PCD_EP_DB_Receive
                0x0000000008001b6c      0x21a Drivers/STM32F1xx_HAL_Driver/Src/stm32f1xx_hal_pcd.o
 .text.HAL_PCD_EP_DB_Transmit
                0x0000000008001d86      0x79e Drivers/STM32F1xx_HAL_Driver/Src/stm32f1xx_hal_pcd.o
 .text.HAL_PCDEx_PMAConfig
                0x0000000008002524       0x84 Drivers/STM32F1xx_HAL_Driver/Src/stm32f1xx_hal_pcd_ex.o
                0x0000000008002524                HAL_PCDEx_PMAConfig
 .text.HAL_RCC_OscConfig
                0x00000000080025a8      0x500 Drivers/STM32F1xx_HAL_Driver/Src/stm32f1xx_hal_rcc.o
                0x00000000080025a8                HAL_RCC_OscConfig
 .text.HAL_RCC_ClockConfig
                0x0000000008002aa8      0x1d4 Drivers/STM32F1xx_HAL_Driver/Src/stm32f1xx_hal_rcc.o
                0x0000000008002aa8                HAL_RCC_ClockConfig
 .text.HAL_RCC_GetSysClockFreq
                0x0000000008002c7c       0xc4 Drivers/STM32F1xx_HAL_Driver/Src/stm32f1xx_hal_rcc.o
                0x0000000008002c7c                HAL_RCC_GetSysClockFreq
 .text.RCC_Delay
                0x0000000008002d40       0x3c Drivers/STM32F1xx_HAL_Driver/Src/stm32f1xx_hal_rcc.o
 .text.HAL_RCCEx_PeriphCLKConfig
                0x0000000008002d7c      0x16c Drivers/STM32F1xx_HAL_Driver/Src/stm32f1xx_hal_rcc_ex.o
                0x0000000008002d7c                HAL_RCCEx_PeriphCLKConfig
 .text.USB_CoreInit
                0x0000000008002ee8       0x20 Drivers/STM32F1xx_HAL_Driver/Src/stm32f1xx_ll_usb.o
                0x0000000008002ee8                USB_CoreInit
 .text.USB_EnableGlobalInt
                0x0000000008002f08       0x2c Drivers/STM32F1xx_HAL_Driver/Src/stm32f1xx_ll_usb.o
                0x0000000008002f08                USB_EnableGlobalInt
 .text.USB_DisableGlobalInt
                0x0000000008002f34       0x34 Drivers/STM32F1xx_HAL_Driver/Src/stm32f1xx_ll_usb.o
                0x0000000008002f34                USB_DisableGlobalInt
 .text.USB_SetCurrentMode
                0x0000000008002f68       0x18 Drivers/STM32F1xx_HAL_Driver/Src/stm32f1xx_ll_usb.o
                0x0000000008002f68                USB_SetCurrentMode
 .text.USB_DevInit
                0x0000000008002f80       0x40 Drivers/STM32F1xx_HAL_Driver/Src/stm32f1xx_ll_usb.o
                0x0000000008002f80                USB_DevInit
 .text.USB_ActivateEndpoint
                0x0000000008002fc0      0x6d4 Drivers/STM32F1xx_HAL_Driver/Src/stm32f1xx_ll_usb.o
                0x0000000008002fc0                USB_ActivateEndpoint
 .text.USB_DeactivateEndpoint
                0x0000000008003694      0x3d8 Drivers/STM32F1xx_HAL_Driver/Src/stm32f1xx_ll_usb.o
                0x0000000008003694                USB_DeactivateEndpoint
 .text.USB_EPStartXfer
                0x0000000008003a6c     0x15ee Drivers/STM32F1xx_HAL_Driver/Src/stm32f1xx_ll_usb.o
                0x0000000008003a6c                USB_EPStartXfer
 .text.USB_EPSetStall
                0x000000000800505a       0xa0 Drivers/STM32F1xx_HAL_Driver/Src/stm32f1xx_ll_usb.o
                0x000000000800505a                USB_EPSetStall
 .text.USB_EPClearStall
                0x00000000080050fa      0x15a Drivers/STM32F1xx_HAL_Driver/Src/stm32f1xx_ll_usb.o
                0x00000000080050fa                USB_EPClearStall
 .text.USB_SetDevAddress
                0x0000000008005254       0x26 Drivers/STM32F1xx_HAL_Driver/Src/stm32f1xx_ll_usb.o
                0x0000000008005254                USB_SetDevAddress
 .text.USB_DevConnect
                0x000000000800527a       0x14 Drivers/STM32F1xx_HAL_Driver/Src/stm32f1xx_ll_usb.o
                0x000000000800527a                USB_DevConnect
 .text.USB_DevDisconnect
                0x000000000800528e       0x14 Drivers/STM32F1xx_HAL_Driver/Src/stm32f1xx_ll_usb.o
                0x000000000800528e                USB_DevDisconnect
 .text.USB_ReadInterrupts
                0x00000000080052a2       0x1e Drivers/STM32F1xx_HAL_Driver/Src/stm32f1xx_ll_usb.o
                0x00000000080052a2                USB_ReadInterrupts
 .text.USB_EP0_OutStart
                0x00000000080052c0       0x16 Drivers/STM32F1xx_HAL_Driver/Src/stm32f1xx_ll_usb.o
                0x00000000080052c0                USB_EP0_OutStart
 .text.USB_WritePMA
                0x00000000080052d6       0x88 Drivers/STM32F1xx_HAL_Driver/Src/stm32f1xx_ll_usb.o
                0x00000000080052d6                USB_WritePMA
 .text.USB_ReadPMA
                0x000000000800535e       0x9e Drivers/STM32F1xx_HAL_Driver/Src/stm32f1xx_ll_usb.o
                0x000000000800535e                USB_ReadPMA
 .text.USBD_HID_Init
                0x00000000080053fc       0x4e Middlewares/ST/STM32_USB_Device_Library/Class/HID/Src/usbd_hid.o
 .text.USBD_HID_DeInit
                0x000000000800544a       0x42 Middlewares/ST/STM32_USB_Device_Library/Class/HID/Src/usbd_hid.o
 .text.USBD_HID_Setup
                0x000000000800548c      0x1fc Middlewares/ST/STM32_USB_Device_Library/Class/HID/Src/usbd_hid.o
 .text.USBD_HID_SendReport
                0x0000000008005688       0x44 Middlewares/ST/STM32_USB_Device_Library/Class/HID/Src/usbd_hid.o
                0x0000000008005688                USBD_HID_SendReport
 .text.USBD_HID_GetFSCfgDesc
                0x00000000080056cc       0x20 Middlewares/ST/STM32_USB_Device_Library/Class/HID/Src/usbd_hid.o
 .text.USBD_HID_GetHSCfgDesc
                0x00000000080056ec       0x20 Middlewares/ST/STM32_USB_Device_Library/Class/HID/Src/usbd_hid.o
 .text.USBD_HID_GetOtherSpeedCfgDesc
                0x000000000800570c       0x20 Middlewares/ST/STM32_USB_Device_Library/Class/HID/Src/usbd_hid.o
 .text.USBD_HID_DataIn
                0x000000000800572c       0x22 Middlewares/ST/STM32_USB_Device_Library/Class/HID/Src/usbd_hid.o
 *fill*         0x000000000800574e        0x2 
 .text.USBD_HID_GetDeviceQualifierDesc
                0x0000000008005750       0x20 Middlewares/ST/STM32_USB_Device_Library/Class/HID/Src/usbd_hid.o
 .text.USBD_Init
                0x0000000008005770       0x56 Middlewares/ST/STM32_USB_Device_Library/Core/Src/usbd_core.o
                0x0000000008005770                USBD_Init
 .text.USBD_RegisterClass
                0x00000000080057c6       0x32 Middlewares/ST/STM32_USB_Device_Library/Core/Src/usbd_core.o
                0x00000000080057c6                USBD_RegisterClass
 .text.USBD_Start
                0x00000000080057f8       0x18 Middlewares/ST/STM32_USB_Device_Library/Core/Src/usbd_core.o
                0x00000000080057f8                USBD_Start
 .text.USBD_RunTestMode
                0x0000000008005810       0x14 Middlewares/ST/STM32_USB_Device_Library/Core/Src/usbd_core.o
                0x0000000008005810                USBD_RunTestMode
 .text.USBD_SetClassConfig
                0x0000000008005824       0x3e Middlewares/ST/STM32_USB_Device_Library/Core/Src/usbd_core.o
                0x0000000008005824                USBD_SetClassConfig
 .text.USBD_ClrClassConfig
                0x0000000008005862       0x26 Middlewares/ST/STM32_USB_Device_Library/Core/Src/usbd_core.o
                0x0000000008005862                USBD_ClrClassConfig
 .text.USBD_LL_SetupStage
                0x0000000008005888       0x96 Middlewares/ST/STM32_USB_Device_Library/Core/Src/usbd_core.o
                0x0000000008005888                USBD_LL_SetupStage
 .text.USBD_LL_DataOutStage
                0x000000000800591e       0xe2 Middlewares/ST/STM32_USB_Device_Library/Core/Src/usbd_core.o
                0x000000000800591e                USBD_LL_DataOutStage
 .text.USBD_LL_DataInStage
                0x0000000008005a00      0x14a Middlewares/ST/STM32_USB_Device_Library/Core/Src/usbd_core.o
                0x0000000008005a00                USBD_LL_DataInStage
 .text.USBD_LL_Reset
                0x0000000008005b4a       0x82 Middlewares/ST/STM32_USB_Device_Library/Core/Src/usbd_core.o
                0x0000000008005b4a                USBD_LL_Reset
 .text.USBD_LL_SetSpeed
                0x0000000008005bcc       0x1e Middlewares/ST/STM32_USB_Device_Library/Core/Src/usbd_core.o
                0x0000000008005bcc                USBD_LL_SetSpeed
 .text.USBD_LL_Suspend
                0x0000000008005bea       0x28 Middlewares/ST/STM32_USB_Device_Library/Core/Src/usbd_core.o
                0x0000000008005bea                USBD_LL_Suspend
 .text.USBD_LL_Resume
                0x0000000008005c12       0x2a Middlewares/ST/STM32_USB_Device_Library/Core/Src/usbd_core.o
                0x0000000008005c12                USBD_LL_Resume
 .text.USBD_LL_SOF
                0x0000000008005c3c       0x34 Middlewares/ST/STM32_USB_Device_Library/Core/Src/usbd_core.o
                0x0000000008005c3c                USBD_LL_SOF
 .text.USBD_StdDevReq
                0x0000000008005c70       0xd4 Middlewares/ST/STM32_USB_Device_Library/Core/Src/usbd_ctlreq.o
                0x0000000008005c70                USBD_StdDevReq
 .text.USBD_StdItfReq
                0x0000000008005d44       0x8c Middlewares/ST/STM32_USB_Device_Library/Core/Src/usbd_ctlreq.o
                0x0000000008005d44                USBD_StdItfReq
 .text.USBD_StdEPReq
                0x0000000008005dd0      0x2ba Middlewares/ST/STM32_USB_Device_Library/Core/Src/usbd_ctlreq.o
                0x0000000008005dd0                USBD_StdEPReq
 *fill*         0x000000000800608a        0x2 
 .text.USBD_GetDescriptor
                0x000000000800608c      0x2d0 Middlewares/ST/STM32_USB_Device_Library/Core/Src/usbd_ctlreq.o
 .text.USBD_SetAddress
                0x000000000800635c       0x84 Middlewares/ST/STM32_USB_Device_Library/Core/Src/usbd_ctlreq.o
 .text.USBD_SetConfig
                0x00000000080063e0      0x11c Middlewares/ST/STM32_USB_Device_Library/Core/Src/usbd_ctlreq.o
 .text.USBD_GetConfig
                0x00000000080064fc       0x68 Middlewares/ST/STM32_USB_Device_Library/Core/Src/usbd_ctlreq.o
 .text.USBD_GetStatus
                0x0000000008006564       0x66 Middlewares/ST/STM32_USB_Device_Library/Core/Src/usbd_ctlreq.o
 .text.USBD_SetFeature
                0x00000000080065ca       0x28 Middlewares/ST/STM32_USB_Device_Library/Core/Src/usbd_ctlreq.o
 .text.USBD_ClrFeature
                0x00000000080065f2       0x42 Middlewares/ST/STM32_USB_Device_Library/Core/Src/usbd_ctlreq.o
 .text.USBD_ParseSetupRequest
                0x0000000008006634       0x78 Middlewares/ST/STM32_USB_Device_Library/Core/Src/usbd_ctlreq.o
                0x0000000008006634                USBD_ParseSetupRequest
 .text.USBD_CtlError
                0x00000000080066ac       0x22 Middlewares/ST/STM32_USB_Device_Library/Core/Src/usbd_ctlreq.o
                0x00000000080066ac                USBD_CtlError
 .text.USBD_GetString
                0x00000000080066ce       0x84 Middlewares/ST/STM32_USB_Device_Library/Core/Src/usbd_ctlreq.o
                0x00000000080066ce                USBD_GetString
 .text.USBD_GetLen
                0x0000000008006752       0x2e Middlewares/ST/STM32_USB_Device_Library/Core/Src/usbd_ctlreq.o
 .text.USBD_CtlSendData
                0x0000000008006780       0x38 Middlewares/ST/STM32_USB_Device_Library/Core/Src/usbd_ioreq.o
                0x0000000008006780                USBD_CtlSendData
 .text.USBD_CtlContinueSendData
                0x00000000080067b8       0x24 Middlewares/ST/STM32_USB_Device_Library/Core/Src/usbd_ioreq.o
                0x00000000080067b8                USBD_CtlContinueSendData
 .text.USBD_CtlContinueRx
                0x00000000080067dc       0x24 Middlewares/ST/STM32_USB_Device_Library/Core/Src/usbd_ioreq.o
                0x00000000080067dc                USBD_CtlContinueRx
 .text.USBD_CtlSendStatus
                0x0000000008006800       0x26 Middlewares/ST/STM32_USB_Device_Library/Core/Src/usbd_ioreq.o
                0x0000000008006800                USBD_CtlSendStatus
 .text.USBD_CtlReceiveStatus
                0x0000000008006826       0x26 Middlewares/ST/STM32_USB_Device_Library/Core/Src/usbd_ioreq.o
                0x0000000008006826                USBD_CtlReceiveStatus
 .text.MX_USB_DEVICE_Init
                0x000000000800684c       0x4c USB_DEVICE/App/usb_device.o
                0x000000000800684c                MX_USB_DEVICE_Init
 .text.USBD_FS_DeviceDescriptor
                0x0000000008006898       0x24 USB_DEVICE/App/usbd_desc.o
                0x0000000008006898                USBD_FS_DeviceDescriptor
 .text.USBD_FS_LangIDStrDescriptor
                0x00000000080068bc       0x24 USB_DEVICE/App/usbd_desc.o
                0x00000000080068bc                USBD_FS_LangIDStrDescriptor
 .text.USBD_FS_ProductStrDescriptor
                0x00000000080068e0       0x3c USB_DEVICE/App/usbd_desc.o
                0x00000000080068e0                USBD_FS_ProductStrDescriptor
 .text.USBD_FS_ManufacturerStrDescriptor
                0x000000000800691c       0x28 USB_DEVICE/App/usbd_desc.o
                0x000000000800691c                USBD_FS_ManufacturerStrDescriptor
 .text.USBD_FS_SerialStrDescriptor
                0x0000000008006944       0x24 USB_DEVICE/App/usbd_desc.o
                0x0000000008006944                USBD_FS_SerialStrDescriptor
 .text.USBD_FS_ConfigStrDescriptor
                0x0000000008006968       0x3c USB_DEVICE/App/usbd_desc.o
                0x0000000008006968                USBD_FS_ConfigStrDescriptor
 .text.USBD_FS_InterfaceStrDescriptor
                0x00000000080069a4       0x3c USB_DEVICE/App/usbd_desc.o
                0x00000000080069a4                USBD_FS_InterfaceStrDescriptor
 .text.Get_SerialNum
                0x00000000080069e0       0x58 USB_DEVICE/App/usbd_desc.o
 .text.IntToUnicode
                0x0000000008006a38       0x7a USB_DEVICE/App/usbd_desc.o
 *fill*         0x0000000008006ab2        0x2 
 .text.HAL_PCD_MspInit
                0x0000000008006ab4       0x4c USB_DEVICE/Target/usbd_conf.o
                0x0000000008006ab4                HAL_PCD_MspInit
 .text.HAL_PCD_SetupStageCallback
                0x0000000008006b00       0x24 USB_DEVICE/Target/usbd_conf.o
                0x0000000008006b00                HAL_PCD_SetupStageCallback
 .text.HAL_PCD_DataOutStageCallback
                0x0000000008006b24       0x36 USB_DEVICE/Target/usbd_conf.o
                0x0000000008006b24                HAL_PCD_DataOutStageCallback
 .text.HAL_PCD_DataInStageCallback
                0x0000000008006b5a       0x34 USB_DEVICE/Target/usbd_conf.o
                0x0000000008006b5a                HAL_PCD_DataInStageCallback
 .text.HAL_PCD_SOFCallback
                0x0000000008006b8e       0x1c USB_DEVICE/Target/usbd_conf.o
                0x0000000008006b8e                HAL_PCD_SOFCallback
 .text.HAL_PCD_ResetCallback
                0x0000000008006baa       0x3c USB_DEVICE/Target/usbd_conf.o
                0x0000000008006baa                HAL_PCD_ResetCallback
 *fill*         0x0000000008006be6        0x2 
 .text.HAL_PCD_SuspendCallback
                0x0000000008006be8       0x34 USB_DEVICE/Target/usbd_conf.o
                0x0000000008006be8                HAL_PCD_SuspendCallback
 .text.HAL_PCD_ResumeCallback
                0x0000000008006c1c       0x1c USB_DEVICE/Target/usbd_conf.o
                0x0000000008006c1c                HAL_PCD_ResumeCallback
 .text.USBD_LL_Init
                0x0000000008006c38       0x90 USB_DEVICE/Target/usbd_conf.o
                0x0000000008006c38                USBD_LL_Init
 .text.USBD_LL_Start
                0x0000000008006cc8       0x36 USB_DEVICE/Target/usbd_conf.o
                0x0000000008006cc8                USBD_LL_Start
 .text.USBD_LL_OpenEP
                0x0000000008006cfe       0x4c USB_DEVICE/Target/usbd_conf.o
                0x0000000008006cfe                USBD_LL_OpenEP
 .text.USBD_LL_CloseEP
                0x0000000008006d4a       0x3e USB_DEVICE/Target/usbd_conf.o
                0x0000000008006d4a                USBD_LL_CloseEP
 .text.USBD_LL_StallEP
                0x0000000008006d88       0x3e USB_DEVICE/Target/usbd_conf.o
                0x0000000008006d88                USBD_LL_StallEP
 .text.USBD_LL_ClearStallEP
                0x0000000008006dc6       0x3e USB_DEVICE/Target/usbd_conf.o
                0x0000000008006dc6                USBD_LL_ClearStallEP
 .text.USBD_LL_IsStallEP
                0x0000000008006e04       0x58 USB_DEVICE/Target/usbd_conf.o
                0x0000000008006e04                USBD_LL_IsStallEP
 .text.USBD_LL_SetUSBAddress
                0x0000000008006e5c       0x3e USB_DEVICE/Target/usbd_conf.o
                0x0000000008006e5c                USBD_LL_SetUSBAddress
 .text.USBD_LL_Transmit
                0x0000000008006e9a       0x46 USB_DEVICE/Target/usbd_conf.o
                0x0000000008006e9a                USBD_LL_Transmit
 .text.USBD_LL_PrepareReceive
                0x0000000008006ee0       0x46 USB_DEVICE/Target/usbd_conf.o
                0x0000000008006ee0                USBD_LL_PrepareReceive
 *fill*         0x0000000008006f26        0x2 
 .text.USBD_static_malloc
                0x0000000008006f28       0x18 USB_DEVICE/Target/usbd_conf.o
                0x0000000008006f28                USBD_static_malloc
 .text.USBD_static_free
                0x0000000008006f40       0x12 USB_DEVICE/Target/usbd_conf.o
                0x0000000008006f40                USBD_static_free
 .text.HAL_PCDEx_SetConnectionState
                0x0000000008006f52       0x16 USB_DEVICE/Target/usbd_conf.o
                0x0000000008006f52                HAL_PCDEx_SetConnectionState
 .text.USBD_Get_USB_Status
                0x0000000008006f68       0x58 USB_DEVICE/Target/usbd_conf.o
 .text.__libc_init_array
                0x0000000008006fc0       0x48 c:/st/stm32cubeide_1.5.1/stm32cubeide/plugins/com.st.stm32cube.ide.mcu.externaltools.gnu-tools-for-stm32.7-2018-q2-update.win32_1.5.0.202011040924/tools/bin/../lib/gcc/arm-none-eabi/7.3.1/../../../../arm-none-eabi/lib/thumb/v7-m\libc_nano.a(lib_a-init.o)
                0x0000000008006fc0                __libc_init_array
 .text.memset   0x0000000008007008       0x10 c:/st/stm32cubeide_1.5.1/stm32cubeide/plugins/com.st.stm32cube.ide.mcu.externaltools.gnu-tools-for-stm32.7-2018-q2-update.win32_1.5.0.202011040924/tools/bin/../lib/gcc/arm-none-eabi/7.3.1/../../../../arm-none-eabi/lib/thumb/v7-m\libc_nano.a(lib_a-memset.o)
                0x0000000008007008                memset
 *(.glue_7)
 .glue_7        0x0000000008007018        0x0 linker stubs
 *(.glue_7t)
 .glue_7t       0x0000000008007018        0x0 linker stubs
 *(.eh_frame)
 .eh_frame      0x0000000008007018        0x0 c:/st/stm32cubeide_1.5.1/stm32cubeide/plugins/com.st.stm32cube.ide.mcu.externaltools.gnu-tools-for-stm32.7-2018-q2-update.win32_1.5.0.202011040924/tools/bin/../lib/gcc/arm-none-eabi/7.3.1/thumb/v7-m/crtbegin.o
 *(.init)
 .init          0x0000000008007018        0x4 c:/st/stm32cubeide_1.5.1/stm32cubeide/plugins/com.st.stm32cube.ide.mcu.externaltools.gnu-tools-for-stm32.7-2018-q2-update.win32_1.5.0.202011040924/tools/bin/../lib/gcc/arm-none-eabi/7.3.1/thumb/v7-m/crti.o
                0x0000000008007018                _init
 .init          0x000000000800701c        0x8 c:/st/stm32cubeide_1.5.1/stm32cubeide/plugins/com.st.stm32cube.ide.mcu.externaltools.gnu-tools-for-stm32.7-2018-q2-update.win32_1.5.0.202011040924/tools/bin/../lib/gcc/arm-none-eabi/7.3.1/thumb/v7-m/crtn.o
 *(.fini)
 .fini          0x0000000008007024        0x4 c:/st/stm32cubeide_1.5.1/stm32cubeide/plugins/com.st.stm32cube.ide.mcu.externaltools.gnu-tools-for-stm32.7-2018-q2-update.win32_1.5.0.202011040924/tools/bin/../lib/gcc/arm-none-eabi/7.3.1/thumb/v7-m/crti.o
                0x0000000008007024                _fini
 .fini          0x0000000008007028        0x8 c:/st/stm32cubeide_1.5.1/stm32cubeide/plugins/com.st.stm32cube.ide.mcu.externaltools.gnu-tools-for-stm32.7-2018-q2-update.win32_1.5.0.202011040924/tools/bin/../lib/gcc/arm-none-eabi/7.3.1/thumb/v7-m/crtn.o
                0x0000000008007030                . = ALIGN (0x4)
                0x0000000008007030                _etext = .

.vfp11_veneer   0x0000000008007030        0x0
 .vfp11_veneer  0x0000000008007030        0x0 linker stubs

.v4_bx          0x0000000008007030        0x0
 .v4_bx         0x0000000008007030        0x0 linker stubs

.iplt           0x0000000008007030        0x0
 .iplt          0x0000000008007030        0x0 c:/st/stm32cubeide_1.5.1/stm32cubeide/plugins/com.st.stm32cube.ide.mcu.externaltools.gnu-tools-for-stm32.7-2018-q2-update.win32_1.5.0.202011040924/tools/bin/../lib/gcc/arm-none-eabi/7.3.1/thumb/v7-m/crtbegin.o

.rodata         0x0000000008007030       0x6c
                0x0000000008007030                . = ALIGN (0x4)
 *(.rodata)
 .rodata        0x0000000008007030       0x12 Drivers/STM32F1xx_HAL_Driver/Src/stm32f1xx_hal_rcc.o
 *fill*         0x0000000008007042        0x2 
 .rodata        0x0000000008007044       0x46 USB_DEVICE/App/usbd_desc.o
 *(.rodata*)
 *fill*         0x000000000800708a        0x2 
 .rodata.AHBPrescTable
                0x000000000800708c       0x10 Core/Src/system_stm32f1xx.o
                0x000000000800708c                AHBPrescTable
                0x000000000800709c                . = ALIGN (0x4)

.rel.dyn        0x000000000800709c        0x0
 .rel.iplt      0x000000000800709c        0x0 c:/st/stm32cubeide_1.5.1/stm32cubeide/plugins/com.st.stm32cube.ide.mcu.externaltools.gnu-tools-for-stm32.7-2018-q2-update.win32_1.5.0.202011040924/tools/bin/../lib/gcc/arm-none-eabi/7.3.1/thumb/v7-m/crtbegin.o

.ARM.extab      0x000000000800709c        0x0
                0x000000000800709c                . = ALIGN (0x4)
 *(.ARM.extab* .gnu.linkonce.armextab.*)
                0x000000000800709c                . = ALIGN (0x4)

.ARM            0x000000000800709c        0x0
                0x000000000800709c                . = ALIGN (0x4)
                0x000000000800709c                __exidx_start = .
 *(.ARM.exidx*)
                0x000000000800709c                __exidx_end = .
                0x000000000800709c                . = ALIGN (0x4)

.preinit_array  0x000000000800709c        0x0
                0x000000000800709c                . = ALIGN (0x4)
                0x000000000800709c                PROVIDE (__preinit_array_start = .)
 *(.preinit_array*)
                0x000000000800709c                PROVIDE (__preinit_array_end = .)
                0x000000000800709c                . = ALIGN (0x4)

.init_array     0x000000000800709c        0x4
                0x000000000800709c                . = ALIGN (0x4)
                0x000000000800709c                PROVIDE (__init_array_start = .)
 *(SORT_BY_NAME(.init_array.*))
 *(.init_array*)
 .init_array    0x000000000800709c        0x4 c:/st/stm32cubeide_1.5.1/stm32cubeide/plugins/com.st.stm32cube.ide.mcu.externaltools.gnu-tools-for-stm32.7-2018-q2-update.win32_1.5.0.202011040924/tools/bin/../lib/gcc/arm-none-eabi/7.3.1/thumb/v7-m/crtbegin.o
                0x00000000080070a0                PROVIDE (__init_array_end = .)
                0x00000000080070a0                . = ALIGN (0x4)

.fini_array     0x00000000080070a0        0x4
                0x00000000080070a0                . = ALIGN (0x4)
                [!provide]                        PROVIDE (__fini_array_start = .)
 *(SORT_BY_NAME(.fini_array.*))
 *(.fini_array*)
 .fini_array    0x00000000080070a0        0x4 c:/st/stm32cubeide_1.5.1/stm32cubeide/plugins/com.st.stm32cube.ide.mcu.externaltools.gnu-tools-for-stm32.7-2018-q2-update.win32_1.5.0.202011040924/tools/bin/../lib/gcc/arm-none-eabi/7.3.1/thumb/v7-m/crtbegin.o
                [!provide]                        PROVIDE (__fini_array_end = .)
                0x00000000080070a4                . = ALIGN (0x4)
                0x00000000080070a4                _sidata = LOADADDR (.data)

.data           0x0000000020000000      0x158 load address 0x00000000080070a4
                0x0000000020000000                . = ALIGN (0x4)
                0x0000000020000000                _sdata = .
 *(.data)
 *(.data*)
 .data.SystemCoreClock
                0x0000000020000000        0x4 Core/Src/system_stm32f1xx.o
                0x0000000020000000                SystemCoreClock
 .data.uwTickPrio
                0x0000000020000004        0x4 Drivers/STM32F1xx_HAL_Driver/Src/stm32f1xx_hal.o
                0x0000000020000004                uwTickPrio
 .data.uwTickFreq
                0x0000000020000008        0x1 Drivers/STM32F1xx_HAL_Driver/Src/stm32f1xx_hal.o
                0x0000000020000008                uwTickFreq
 *fill*         0x0000000020000009        0x3 
 .data.USBD_HID
                0x000000002000000c       0x38 Middlewares/ST/STM32_USB_Device_Library/Class/HID/Src/usbd_hid.o
                0x000000002000000c                USBD_HID
 .data.USBD_HID_CfgFSDesc
                0x0000000020000044       0x22 Middlewares/ST/STM32_USB_Device_Library/Class/HID/Src/usbd_hid.o
 *fill*         0x0000000020000066        0x2 
 .data.USBD_HID_CfgHSDesc
                0x0000000020000068       0x22 Middlewares/ST/STM32_USB_Device_Library/Class/HID/Src/usbd_hid.o
 *fill*         0x000000002000008a        0x2 
 .data.USBD_HID_OtherSpeedCfgDesc
                0x000000002000008c       0x22 Middlewares/ST/STM32_USB_Device_Library/Class/HID/Src/usbd_hid.o
 *fill*         0x00000000200000ae        0x2 
 .data.USBD_HID_Desc
                0x00000000200000b0        0x9 Middlewares/ST/STM32_USB_Device_Library/Class/HID/Src/usbd_hid.o
 *fill*         0x00000000200000b9        0x3 
 .data.USBD_HID_DeviceQualifierDesc
                0x00000000200000bc        0xa Middlewares/ST/STM32_USB_Device_Library/Class/HID/Src/usbd_hid.o
 *fill*         0x00000000200000c6        0x2 
 .data.HID_MOUSE_ReportDesc
                0x00000000200000c8       0x3f Middlewares/ST/STM32_USB_Device_Library/Class/HID/Src/usbd_hid.o
 *fill*         0x0000000020000107        0x1 
 .data.FS_Desc  0x0000000020000108       0x1c USB_DEVICE/App/usbd_desc.o
                0x0000000020000108                FS_Desc
 .data.USBD_FS_DeviceDesc
                0x0000000020000124       0x12 USB_DEVICE/App/usbd_desc.o
                0x0000000020000124                USBD_FS_DeviceDesc
 *fill*         0x0000000020000136        0x2 
 .data.USBD_LangIDDesc
                0x0000000020000138        0x4 USB_DEVICE/App/usbd_desc.o
                0x0000000020000138                USBD_LangIDDesc
 .data.USBD_StringSerial
                0x000000002000013c       0x1a USB_DEVICE/App/usbd_desc.o
                0x000000002000013c                USBD_StringSerial
 *(.RamFunc)
 *(.RamFunc*)
                0x0000000020000158                . = ALIGN (0x4)
 *fill*         0x0000000020000156        0x2 
                0x0000000020000158                _edata = .

.igot.plt       0x0000000020000158        0x0 load address 0x00000000080071fc
 .igot.plt      0x0000000020000158        0x0 c:/st/stm32cubeide_1.5.1/stm32cubeide/plugins/com.st.stm32cube.ide.mcu.externaltools.gnu-tools-for-stm32.7-2018-q2-update.win32_1.5.0.202011040924/tools/bin/../lib/gcc/arm-none-eabi/7.3.1/thumb/v7-m/crtbegin.o
                0x0000000020000158                . = ALIGN (0x4)

.bss            0x0000000020000158      0x7f0 load address 0x00000000080071fc
                0x0000000020000158                _sbss = .
                0x0000000020000158                __bss_start__ = _sbss
 *(.bss)
 .bss           0x0000000020000158       0x1c c:/st/stm32cubeide_1.5.1/stm32cubeide/plugins/com.st.stm32cube.ide.mcu.externaltools.gnu-tools-for-stm32.7-2018-q2-update.win32_1.5.0.202011040924/tools/bin/../lib/gcc/arm-none-eabi/7.3.1/thumb/v7-m/crtbegin.o
 *(.bss*)
 .bss.keyboardhid
                0x0000000020000174        0x8 Core/Src/main.o
                0x0000000020000174                keyboardhid
 .bss.cfgidx.7629
                0x000000002000017c        0x1 Middlewares/ST/STM32_USB_Device_Library/Core/Src/usbd_ctlreq.o
 *fill*         0x000000002000017d        0x3 
 .bss.mem.7669  0x0000000020000180       0x14 USB_DEVICE/Target/usbd_conf.o
 *(COMMON)
 COMMON         0x0000000020000194        0x4 Drivers/STM32F1xx_HAL_Driver/Src/stm32f1xx_hal.o
                0x0000000020000194                uwTick
 COMMON         0x0000000020000198      0x2c4 USB_DEVICE/App/usb_device.o
                0x0000000020000198                hUsbDeviceFS
 COMMON         0x000000002000045c      0x200 USB_DEVICE/App/usbd_desc.o
                0x000000002000045c                USBD_StrDesc
 COMMON         0x000000002000065c      0x2ec USB_DEVICE/Target/usbd_conf.o
                0x000000002000065c                hpcd_USB_FS
                0x0000000020000948                . = ALIGN (0x4)
                0x0000000020000948                _ebss = .
                0x0000000020000948                __bss_end__ = _ebss

._user_heap_stack
                0x0000000020000948      0x600 load address 0x00000000080071fc
                0x0000000020000948                . = ALIGN (0x8)
                [!provide]                        PROVIDE (end = .)
                0x0000000020000948                PROVIDE (_end = .)
                0x0000000020000b48                . = (. + _Min_Heap_Size)
 *fill*         0x0000000020000948      0x200 
                0x0000000020000f48                . = (. + _Min_Stack_Size)
 *fill*         0x0000000020000b48      0x400 
                0x0000000020000f48                . = ALIGN (0x8)

/DISCARD/
 libc.a(*)
 libm.a(*)
 libgcc.a(*)

.ARM.attributes
                0x0000000000000000       0x29
 *(.ARM.attributes)
 .ARM.attributes
                0x0000000000000000       0x1d c:/st/stm32cubeide_1.5.1/stm32cubeide/plugins/com.st.stm32cube.ide.mcu.externaltools.gnu-tools-for-stm32.7-2018-q2-update.win32_1.5.0.202011040924/tools/bin/../lib/gcc/arm-none-eabi/7.3.1/thumb/v7-m/crti.o
 .ARM.attributes
                0x000000000000001d       0x2d c:/st/stm32cubeide_1.5.1/stm32cubeide/plugins/com.st.stm32cube.ide.mcu.externaltools.gnu-tools-for-stm32.7-2018-q2-update.win32_1.5.0.202011040924/tools/bin/../lib/gcc/arm-none-eabi/7.3.1/thumb/v7-m/crtbegin.o
 .ARM.attributes
                0x000000000000004a       0x33 Core/Src/main.o
 .ARM.attributes
                0x000000000000007d       0x33 Core/Src/stm32f1xx_hal_msp.o
 .ARM.attributes
                0x00000000000000b0       0x33 Core/Src/stm32f1xx_it.o
 .ARM.attributes
                0x00000000000000e3       0x33 Core/Src/system_stm32f1xx.o
 .ARM.attributes
                0x0000000000000116       0x21 Core/Startup/startup_stm32f103c8tx.o
 .ARM.attributes
                0x0000000000000137       0x33 Drivers/STM32F1xx_HAL_Driver/Src/stm32f1xx_hal.o
 .ARM.attributes
                0x000000000000016a       0x33 Drivers/STM32F1xx_HAL_Driver/Src/stm32f1xx_hal_cortex.o
 .ARM.attributes
                0x000000000000019d       0x33 Drivers/STM32F1xx_HAL_Driver/Src/stm32f1xx_hal_gpio.o
 .ARM.attributes
                0x00000000000001d0       0x33 Drivers/STM32F1xx_HAL_Driver/Src/stm32f1xx_hal_pcd.o
 .ARM.attributes
                0x0000000000000203       0x33 Drivers/STM32F1xx_HAL_Driver/Src/stm32f1xx_hal_pcd_ex.o
 .ARM.attributes
                0x0000000000000236       0x33 Drivers/STM32F1xx_HAL_Driver/Src/stm32f1xx_hal_rcc.o
 .ARM.attributes
                0x0000000000000269       0x33 Drivers/STM32F1xx_HAL_Driver/Src/stm32f1xx_hal_rcc_ex.o
 .ARM.attributes
                0x000000000000029c       0x33 Drivers/STM32F1xx_HAL_Driver/Src/stm32f1xx_ll_usb.o
 .ARM.attributes
                0x00000000000002cf       0x33 Middlewares/ST/STM32_USB_Device_Library/Class/HID/Src/usbd_hid.o
 .ARM.attributes
                0x0000000000000302       0x33 Middlewares/ST/STM32_USB_Device_Library/Core/Src/usbd_core.o
 .ARM.attributes
                0x0000000000000335       0x33 Middlewares/ST/STM32_USB_Device_Library/Core/Src/usbd_ctlreq.o
 .ARM.attributes
                0x0000000000000368       0x33 Middlewares/ST/STM32_USB_Device_Library/Core/Src/usbd_ioreq.o
 .ARM.attributes
                0x000000000000039b       0x33 USB_DEVICE/App/usb_device.o
 .ARM.attributes
                0x00000000000003ce       0x33 USB_DEVICE/App/usbd_desc.o
 .ARM.attributes
                0x0000000000000401       0x33 USB_DEVICE/Target/usbd_conf.o
 .ARM.attributes
                0x0000000000000434       0x2d c:/st/stm32cubeide_1.5.1/stm32cubeide/plugins/com.st.stm32cube.ide.mcu.externaltools.gnu-tools-for-stm32.7-2018-q2-update.win32_1.5.0.202011040924/tools/bin/../lib/gcc/arm-none-eabi/7.3.1/../../../../arm-none-eabi/lib/thumb/v7-m\libc_nano.a(lib_a-init.o)
 .ARM.attributes
                0x0000000000000461       0x2d c:/st/stm32cubeide_1.5.1/stm32cubeide/plugins/com.st.stm32cube.ide.mcu.externaltools.gnu-tools-for-stm32.7-2018-q2-update.win32_1.5.0.202011040924/tools/bin/../lib/gcc/arm-none-eabi/7.3.1/../../../../arm-none-eabi/lib/thumb/v7-m\libc_nano.a(lib_a-memset.o)
 .ARM.attributes
                0x000000000000048e       0x1d c:/st/stm32cubeide_1.5.1/stm32cubeide/plugins/com.st.stm32cube.ide.mcu.externaltools.gnu-tools-for-stm32.7-2018-q2-update.win32_1.5.0.202011040924/tools/bin/../lib/gcc/arm-none-eabi/7.3.1/thumb/v7-m/crtn.o
OUTPUT(Keyboard_Project.elf elf32-littlearm)

.debug_info     0x0000000000000000     0xf39f
 .debug_info    0x0000000000000000     0x11d9 Core/Src/main.o
 .debug_info    0x00000000000011d9      0x2d6 Core/Src/stm32f1xx_hal_msp.o
 .debug_info    0x00000000000014af      0x6a8 Core/Src/stm32f1xx_it.o
 .debug_info    0x0000000000001b57      0x29a Core/Src/system_stm32f1xx.o
 .debug_info    0x0000000000001df1       0x22 Core/Startup/startup_stm32f103c8tx.o
 .debug_info    0x0000000000001e13      0x714 Drivers/STM32F1xx_HAL_Driver/Src/stm32f1xx_hal.o
 .debug_info    0x0000000000002527      0xb51 Drivers/STM32F1xx_HAL_Driver/Src/stm32f1xx_hal_cortex.o
 .debug_info    0x0000000000003078      0x69b Drivers/STM32F1xx_HAL_Driver/Src/stm32f1xx_hal_gpio.o
 .debug_info    0x0000000000003713     0x13f3 Drivers/STM32F1xx_HAL_Driver/Src/stm32f1xx_hal_pcd.o
 .debug_info    0x0000000000004b06      0x787 Drivers/STM32F1xx_HAL_Driver/Src/stm32f1xx_hal_pcd_ex.o
 .debug_info    0x000000000000528d      0x80f Drivers/STM32F1xx_HAL_Driver/Src/stm32f1xx_hal_rcc.o
 .debug_info    0x0000000000005a9c      0x444 Drivers/STM32F1xx_HAL_Driver/Src/stm32f1xx_hal_rcc_ex.o
 .debug_info    0x0000000000005ee0     0x18b3 Drivers/STM32F1xx_HAL_Driver/Src/stm32f1xx_ll_usb.o
 .debug_info    0x0000000000007793     0x113a Middlewares/ST/STM32_USB_Device_Library/Class/HID/Src/usbd_hid.o
 .debug_info    0x00000000000088cd     0x11d2 Middlewares/ST/STM32_USB_Device_Library/Core/Src/usbd_core.o
 .debug_info    0x0000000000009a9f     0x1142 Middlewares/ST/STM32_USB_Device_Library/Core/Src/usbd_ctlreq.o
 .debug_info    0x000000000000abe1      0xf33 Middlewares/ST/STM32_USB_Device_Library/Core/Src/usbd_ioreq.o
 .debug_info    0x000000000000bb14      0xdc8 USB_DEVICE/App/usb_device.o
 .debug_info    0x000000000000c8dc      0xd17 USB_DEVICE/App/usbd_desc.o
 .debug_info    0x000000000000d5f3     0x1dac USB_DEVICE/Target/usbd_conf.o

.debug_abbrev   0x0000000000000000     0x2658
 .debug_abbrev  0x0000000000000000      0x251 Core/Src/main.o
 .debug_abbrev  0x0000000000000251      0x109 Core/Src/stm32f1xx_hal_msp.o
 .debug_abbrev  0x000000000000035a      0x155 Core/Src/stm32f1xx_it.o
 .debug_abbrev  0x00000000000004af      0x134 Core/Src/system_stm32f1xx.o
 .debug_abbrev  0x00000000000005e3       0x12 Core/Startup/startup_stm32f103c8tx.o
 .debug_abbrev  0x00000000000005f5      0x1c7 Drivers/STM32F1xx_HAL_Driver/Src/stm32f1xx_hal.o
 .debug_abbrev  0x00000000000007bc      0x2d5 Drivers/STM32F1xx_HAL_Driver/Src/stm32f1xx_hal_cortex.o
 .debug_abbrev  0x0000000000000a91      0x1c0 Drivers/STM32F1xx_HAL_Driver/Src/stm32f1xx_hal_gpio.o
 .debug_abbrev  0x0000000000000c51      0x268 Drivers/STM32F1xx_HAL_Driver/Src/stm32f1xx_hal_pcd.o
 .debug_abbrev  0x0000000000000eb9      0x188 Drivers/STM32F1xx_HAL_Driver/Src/stm32f1xx_hal_pcd_ex.o
 .debug_abbrev  0x0000000000001041      0x243 Drivers/STM32F1xx_HAL_Driver/Src/stm32f1xx_hal_rcc.o
 .debug_abbrev  0x0000000000001284      0x175 Drivers/STM32F1xx_HAL_Driver/Src/stm32f1xx_hal_rcc_ex.o
 .debug_abbrev  0x00000000000013f9      0x1d2 Drivers/STM32F1xx_HAL_Driver/Src/stm32f1xx_ll_usb.o
 .debug_abbrev  0x00000000000015cb      0x27d Middlewares/ST/STM32_USB_Device_Library/Class/HID/Src/usbd_hid.o
 .debug_abbrev  0x0000000000001848      0x270 Middlewares/ST/STM32_USB_Device_Library/Core/Src/usbd_core.o
 .debug_abbrev  0x0000000000001ab8      0x2a0 Middlewares/ST/STM32_USB_Device_Library/Core/Src/usbd_ctlreq.o
 .debug_abbrev  0x0000000000001d58      0x1e0 Middlewares/ST/STM32_USB_Device_Library/Core/Src/usbd_ioreq.o
 .debug_abbrev  0x0000000000001f38      0x1b5 USB_DEVICE/App/usb_device.o
 .debug_abbrev  0x00000000000020ed      0x290 USB_DEVICE/App/usbd_desc.o
 .debug_abbrev  0x000000000000237d      0x2db USB_DEVICE/Target/usbd_conf.o

.debug_aranges  0x0000000000000000      0x9f8
 .debug_aranges
                0x0000000000000000       0x38 Core/Src/main.o
 .debug_aranges
                0x0000000000000038       0x20 Core/Src/stm32f1xx_hal_msp.o
 .debug_aranges
                0x0000000000000058       0x68 Core/Src/stm32f1xx_it.o
 .debug_aranges
                0x00000000000000c0       0x28 Core/Src/system_stm32f1xx.o
 .debug_aranges
                0x00000000000000e8       0x28 Core/Startup/startup_stm32f103c8tx.o
 .debug_aranges
                0x0000000000000110       0xe0 Drivers/STM32F1xx_HAL_Driver/Src/stm32f1xx_hal.o
 .debug_aranges
                0x00000000000001f0      0x100 Drivers/STM32F1xx_HAL_Driver/Src/stm32f1xx_hal_cortex.o
 .debug_aranges
                0x00000000000002f0       0x58 Drivers/STM32F1xx_HAL_Driver/Src/stm32f1xx_hal_gpio.o
 .debug_aranges
                0x0000000000000348      0x138 Drivers/STM32F1xx_HAL_Driver/Src/stm32f1xx_hal_pcd.o
 .debug_aranges
                0x0000000000000480       0x38 Drivers/STM32F1xx_HAL_Driver/Src/stm32f1xx_hal_pcd_ex.o
 .debug_aranges
                0x00000000000004b8       0x90 Drivers/STM32F1xx_HAL_Driver/Src/stm32f1xx_hal_rcc.o
 .debug_aranges
                0x0000000000000548       0x30 Drivers/STM32F1xx_HAL_Driver/Src/stm32f1xx_hal_rcc_ex.o
 .debug_aranges
                0x0000000000000578       0xf0 Drivers/STM32F1xx_HAL_Driver/Src/stm32f1xx_ll_usb.o
 .debug_aranges
                0x0000000000000668       0x68 Middlewares/ST/STM32_USB_Device_Library/Class/HID/Src/usbd_hid.o
 .debug_aranges
                0x00000000000006d0       0xb8 Middlewares/ST/STM32_USB_Device_Library/Core/Src/usbd_core.o
 .debug_aranges
                0x0000000000000788       0x88 Middlewares/ST/STM32_USB_Device_Library/Core/Src/usbd_ctlreq.o
 .debug_aranges
                0x0000000000000810       0x50 Middlewares/ST/STM32_USB_Device_Library/Core/Src/usbd_ioreq.o
 .debug_aranges
                0x0000000000000860       0x20 USB_DEVICE/App/usb_device.o
 .debug_aranges
                0x0000000000000880       0x60 USB_DEVICE/App/usbd_desc.o
 .debug_aranges
                0x00000000000008e0      0x118 USB_DEVICE/Target/usbd_conf.o

.debug_ranges   0x0000000000000000      0x8c0
 .debug_ranges  0x0000000000000000       0x28 Core/Src/main.o
 .debug_ranges  0x0000000000000028       0x10 Core/Src/stm32f1xx_hal_msp.o
 .debug_ranges  0x0000000000000038       0x58 Core/Src/stm32f1xx_it.o
 .debug_ranges  0x0000000000000090       0x18 Core/Src/system_stm32f1xx.o
 .debug_ranges  0x00000000000000a8       0x20 Core/Startup/startup_stm32f103c8tx.o
 .debug_ranges  0x00000000000000c8       0xd0 Drivers/STM32F1xx_HAL_Driver/Src/stm32f1xx_hal.o
 .debug_ranges  0x0000000000000198       0xf0 Drivers/STM32F1xx_HAL_Driver/Src/stm32f1xx_hal_cortex.o
 .debug_ranges  0x0000000000000288       0x48 Drivers/STM32F1xx_HAL_Driver/Src/stm32f1xx_hal_gpio.o
 .debug_ranges  0x00000000000002d0      0x128 Drivers/STM32F1xx_HAL_Driver/Src/stm32f1xx_hal_pcd.o
 .debug_ranges  0x00000000000003f8       0x28 Drivers/STM32F1xx_HAL_Driver/Src/stm32f1xx_hal_pcd_ex.o
 .debug_ranges  0x0000000000000420       0x80 Drivers/STM32F1xx_HAL_Driver/Src/stm32f1xx_hal_rcc.o
 .debug_ranges  0x00000000000004a0       0x20 Drivers/STM32F1xx_HAL_Driver/Src/stm32f1xx_hal_rcc_ex.o
 .debug_ranges  0x00000000000004c0       0xe0 Drivers/STM32F1xx_HAL_Driver/Src/stm32f1xx_ll_usb.o
 .debug_ranges  0x00000000000005a0       0x58 Middlewares/ST/STM32_USB_Device_Library/Class/HID/Src/usbd_hid.o
 .debug_ranges  0x00000000000005f8       0xa8 Middlewares/ST/STM32_USB_Device_Library/Core/Src/usbd_core.o
 .debug_ranges  0x00000000000006a0       0x78 Middlewares/ST/STM32_USB_Device_Library/Core/Src/usbd_ctlreq.o
 .debug_ranges  0x0000000000000718       0x40 Middlewares/ST/STM32_USB_Device_Library/Core/Src/usbd_ioreq.o
 .debug_ranges  0x0000000000000758       0x10 USB_DEVICE/App/usb_device.o
 .debug_ranges  0x0000000000000768       0x50 USB_DEVICE/App/usbd_desc.o
 .debug_ranges  0x00000000000007b8      0x108 USB_DEVICE/Target/usbd_conf.o

.debug_macro    0x0000000000000000    0x19194
 .debug_macro   0x0000000000000000      0x3cf Core/Src/main.o
 .debug_macro   0x00000000000003cf      0xa5a Core/Src/main.o
 .debug_macro   0x0000000000000e29      0x215 Core/Src/main.o
 .debug_macro   0x000000000000103e       0x2e Core/Src/main.o
 .debug_macro   0x000000000000106c       0x22 Core/Src/main.o
 .debug_macro   0x000000000000108e       0x22 Core/Src/main.o
 .debug_macro   0x00000000000010b0       0x8e Core/Src/main.o
 .debug_macro   0x000000000000113e       0x51 Core/Src/main.o
 .debug_macro   0x000000000000118f       0xef Core/Src/main.o
 .debug_macro   0x000000000000127e       0x6a Core/Src/main.o
 .debug_macro   0x00000000000012e8      0x1df Core/Src/main.o
 .debug_macro   0x00000000000014c7       0x1c Core/Src/main.o
 .debug_macro   0x00000000000014e3       0x22 Core/Src/main.o
 .debug_macro   0x0000000000001505       0xc3 Core/Src/main.o
 .debug_macro   0x00000000000015c8      0xd23 Core/Src/main.o
 .debug_macro   0x00000000000022eb     0xe09e Core/Src/main.o
 .debug_macro   0x0000000000010389       0x6d Core/Src/main.o
 .debug_macro   0x00000000000103f6     0x3468 Core/Src/main.o
 .debug_macro   0x000000000001385e      0x174 Core/Src/main.o
 .debug_macro   0x00000000000139d2       0x5c Core/Src/main.o
 .debug_macro   0x0000000000013a2e      0x5be Core/Src/main.o
 .debug_macro   0x0000000000013fec      0x289 Core/Src/main.o
 .debug_macro   0x0000000000014275      0x1cb Core/Src/main.o
 .debug_macro   0x0000000000014440      0x114 Core/Src/main.o
 .debug_macro   0x0000000000014554      0x1b2 Core/Src/main.o
 .debug_macro   0x0000000000014706       0x27 Core/Src/main.o
 .debug_macro   0x000000000001472d      0x136 Core/Src/main.o
 .debug_macro   0x0000000000014863      0x1bc Core/Src/main.o
 .debug_macro   0x0000000000014a1f       0x34 Core/Src/main.o
 .debug_macro   0x0000000000014a53       0x3c Core/Src/main.o
 .debug_macro   0x0000000000014a8f       0x57 Core/Src/main.o
 .debug_macro   0x0000000000014ae6       0x88 Core/Src/main.o
 .debug_macro   0x0000000000014b6e      0x241 Core/Src/main.o
 .debug_macro   0x0000000000014daf      0x141 Core/Src/main.o
 .debug_macro   0x0000000000014ef0       0x65 Core/Src/main.o
 .debug_macro   0x0000000000014f55      0x249 Core/Src/main.o
 .debug_macro   0x000000000001519e       0x83 Core/Src/main.o
 .debug_macro   0x0000000000015221       0x46 Core/Src/main.o
 .debug_macro   0x0000000000015267       0x18 Core/Src/main.o
 .debug_macro   0x000000000001527f       0x3c Core/Src/main.o
 .debug_macro   0x00000000000152bb       0x34 Core/Src/main.o
 .debug_macro   0x00000000000152ef       0x16 Core/Src/main.o
 .debug_macro   0x0000000000015305       0x35 Core/Src/main.o
 .debug_macro   0x000000000001533a      0x32a Core/Src/main.o
 .debug_macro   0x0000000000015664       0x10 Core/Src/main.o
 .debug_macro   0x0000000000015674       0x52 Core/Src/main.o
 .debug_macro   0x00000000000156c6       0x1f Core/Src/main.o
 .debug_macro   0x00000000000156e5       0x43 Core/Src/main.o
 .debug_macro   0x0000000000015728       0x20 Core/Src/main.o
 .debug_macro   0x0000000000015748      0x1a3 Core/Src/main.o
 .debug_macro   0x00000000000158eb       0x10 Core/Src/main.o
 .debug_macro   0x00000000000158fb       0x1c Core/Src/main.o
 .debug_macro   0x0000000000015917       0x52 Core/Src/main.o
 .debug_macro   0x0000000000015969       0x40 Core/Src/main.o
 .debug_macro   0x00000000000159a9       0x10 Core/Src/main.o
 .debug_macro   0x00000000000159b9       0x40 Core/Src/main.o
 .debug_macro   0x00000000000159f9       0xd7 Core/Src/main.o
 .debug_macro   0x0000000000015ad0       0x1c Core/Src/main.o
 .debug_macro   0x0000000000015aec       0x3d Core/Src/main.o
 .debug_macro   0x0000000000015b29       0x16 Core/Src/main.o
 .debug_macro   0x0000000000015b3f      0x145 Core/Src/main.o
 .debug_macro   0x0000000000015c84       0x16 Core/Src/main.o
 .debug_macro   0x0000000000015c9a       0x16 Core/Src/main.o
 .debug_macro   0x0000000000015cb0       0x29 Core/Src/main.o
 .debug_macro   0x0000000000015cd9       0x16 Core/Src/main.o
 .debug_macro   0x0000000000015cef       0x20 Core/Src/main.o
 .debug_macro   0x0000000000015d0f       0x60 Core/Src/main.o
 .debug_macro   0x0000000000015d6f      0x1c8 Core/Src/main.o
 .debug_macro   0x0000000000015f37       0x5e Core/Src/main.o
 .debug_macro   0x0000000000015f95      0x1b2 Core/Src/stm32f1xx_hal_msp.o
 .debug_macro   0x0000000000016147      0x1bc Core/Src/stm32f1xx_it.o
 .debug_macro   0x0000000000016303      0x1a8 Core/Src/system_stm32f1xx.o
 .debug_macro   0x00000000000164ab      0x1cc Drivers/STM32F1xx_HAL_Driver/Src/stm32f1xx_hal.o
 .debug_macro   0x0000000000016677      0x1a8 Drivers/STM32F1xx_HAL_Driver/Src/stm32f1xx_hal_cortex.o
 .debug_macro   0x000000000001681f      0x213 Drivers/STM32F1xx_HAL_Driver/Src/stm32f1xx_hal_gpio.o
 .debug_macro   0x0000000000016a32      0x1b4 Drivers/STM32F1xx_HAL_Driver/Src/stm32f1xx_hal_pcd.o
 .debug_macro   0x0000000000016be6      0x1a8 Drivers/STM32F1xx_HAL_Driver/Src/stm32f1xx_hal_pcd_ex.o
 .debug_macro   0x0000000000016d8e      0x1ba Drivers/STM32F1xx_HAL_Driver/Src/stm32f1xx_hal_rcc.o
 .debug_macro   0x0000000000016f48      0x1a8 Drivers/STM32F1xx_HAL_Driver/Src/stm32f1xx_hal_rcc_ex.o
 .debug_macro   0x00000000000170f0      0x1a8 Drivers/STM32F1xx_HAL_Driver/Src/stm32f1xx_ll_usb.o
 .debug_macro   0x0000000000017298      0x3bf Middlewares/ST/STM32_USB_Device_Library/Class/HID/Src/usbd_hid.o
 .debug_macro   0x0000000000017657       0x97 Middlewares/ST/STM32_USB_Device_Library/Class/HID/Src/usbd_hid.o
 .debug_macro   0x00000000000176ee       0xfd Middlewares/ST/STM32_USB_Device_Library/Class/HID/Src/usbd_hid.o
 .debug_macro   0x00000000000177eb       0xbd Middlewares/ST/STM32_USB_Device_Library/Class/HID/Src/usbd_hid.o
 .debug_macro   0x00000000000178a8       0x56 Middlewares/ST/STM32_USB_Device_Library/Class/HID/Src/usbd_hid.o
 .debug_macro   0x00000000000178fe      0x3a6 Middlewares/ST/STM32_USB_Device_Library/Core/Src/usbd_core.o
 .debug_macro   0x0000000000017ca4      0x1ce Middlewares/ST/STM32_USB_Device_Library/Core/Src/usbd_core.o
 .debug_macro   0x0000000000017e72      0x3b0 Middlewares/ST/STM32_USB_Device_Library/Core/Src/usbd_ctlreq.o
 .debug_macro   0x0000000000018222      0x3ac Middlewares/ST/STM32_USB_Device_Library/Core/Src/usbd_ioreq.o
 .debug_macro   0x00000000000185ce      0x3dc USB_DEVICE/App/usb_device.o
 .debug_macro   0x00000000000189aa       0x22 USB_DEVICE/App/usb_device.o
 .debug_macro   0x00000000000189cc      0x3e3 USB_DEVICE/App/usbd_desc.o
 .debug_macro   0x0000000000018daf       0x1c USB_DEVICE/App/usbd_desc.o
 .debug_macro   0x0000000000018dcb      0x3c9 USB_DEVICE/Target/usbd_conf.o

.debug_line     0x0000000000000000     0xb5b8
 .debug_line    0x0000000000000000      0xa67 Core/Src/main.o
 .debug_line    0x0000000000000a67      0x676 Core/Src/stm32f1xx_hal_msp.o
 .debug_line    0x00000000000010dd      0x72f Core/Src/stm32f1xx_it.o
 .debug_line    0x000000000000180c      0x69d Core/Src/system_stm32f1xx.o
 .debug_line    0x0000000000001ea9       0x87 Core/Startup/startup_stm32f103c8tx.o
 .debug_line    0x0000000000001f30      0x850 Drivers/STM32F1xx_HAL_Driver/Src/stm32f1xx_hal.o
 .debug_line    0x0000000000002780      0x927 Drivers/STM32F1xx_HAL_Driver/Src/stm32f1xx_hal_cortex.o
 .debug_line    0x00000000000030a7      0x84c Drivers/STM32F1xx_HAL_Driver/Src/stm32f1xx_hal_gpio.o
 .debug_line    0x00000000000038f3      0xd15 Drivers/STM32F1xx_HAL_Driver/Src/stm32f1xx_hal_pcd.o
 .debug_line    0x0000000000004608      0x6c1 Drivers/STM32F1xx_HAL_Driver/Src/stm32f1xx_hal_pcd_ex.o
 .debug_line    0x0000000000004cc9      0x910 Drivers/STM32F1xx_HAL_Driver/Src/stm32f1xx_hal_rcc.o
 .debug_line    0x00000000000055d9      0x72e Drivers/STM32F1xx_HAL_Driver/Src/stm32f1xx_hal_rcc_ex.o
 .debug_line    0x0000000000005d07      0xd66 Drivers/STM32F1xx_HAL_Driver/Src/stm32f1xx_ll_usb.o
 .debug_line    0x0000000000006a6d      0xa95 Middlewares/ST/STM32_USB_Device_Library/Class/HID/Src/usbd_hid.o
 .debug_line    0x0000000000007502      0xb67 Middlewares/ST/STM32_USB_Device_Library/Core/Src/usbd_core.o
 .debug_line    0x0000000000008069      0xbf0 Middlewares/ST/STM32_USB_Device_Library/Core/Src/usbd_ctlreq.o
 .debug_line    0x0000000000008c59      0x9d0 Middlewares/ST/STM32_USB_Device_Library/Core/Src/usbd_ioreq.o
 .debug_line    0x0000000000009629      0x99f USB_DEVICE/App/usb_device.o
 .debug_line    0x0000000000009fc8      0xa04 USB_DEVICE/App/usbd_desc.o
 .debug_line    0x000000000000a9cc      0xbec USB_DEVICE/Target/usbd_conf.o

.debug_str      0x0000000000000000    0x849b4
 .debug_str     0x0000000000000000    0x8240c Core/Src/main.o
                                      0x82877 (size before relaxing)
 .debug_str     0x000000000008240c       0x5a Core/Src/stm32f1xx_hal_msp.o
                                      0x7d4d9 (size before relaxing)
 .debug_str     0x0000000000082466      0x3d9 Core/Src/stm32f1xx_it.o
                                      0x7d87c (size before relaxing)
 .debug_str     0x000000000008283f       0x52 Core/Src/system_stm32f1xx.o
                                      0x7d4c6 (size before relaxing)
 .debug_str     0x0000000000082891       0x36 Core/Startup/startup_stm32f103c8tx.o
                                         0x90 (size before relaxing)
 .debug_str     0x00000000000828c7      0x55e Drivers/STM32F1xx_HAL_Driver/Src/stm32f1xx_hal.o
                                      0x7db57 (size before relaxing)
 .debug_str     0x0000000000082e25      0x2d8 Drivers/STM32F1xx_HAL_Driver/Src/stm32f1xx_hal_cortex.o
                                      0x7db5f (size before relaxing)
 .debug_str     0x00000000000830fd      0x324 Drivers/STM32F1xx_HAL_Driver/Src/stm32f1xx_hal_gpio.o
                                      0x7d88a (size before relaxing)
 .debug_str     0x0000000000083421      0x3e5 Drivers/STM32F1xx_HAL_Driver/Src/stm32f1xx_hal_pcd.o
                                      0x7dc19 (size before relaxing)
 .debug_str     0x0000000000083806      0x18d Drivers/STM32F1xx_HAL_Driver/Src/stm32f1xx_hal_pcd_ex.o
                                      0x7d966 (size before relaxing)
 .debug_str     0x0000000000083993      0x24f Drivers/STM32F1xx_HAL_Driver/Src/stm32f1xx_hal_rcc.o
                                      0x7d8c3 (size before relaxing)
 .debug_str     0x0000000000083be2       0xb9 Drivers/STM32F1xx_HAL_Driver/Src/stm32f1xx_hal_rcc_ex.o
                                      0x7d650 (size before relaxing)
 .debug_str     0x0000000000083c9b      0x2ad Drivers/STM32F1xx_HAL_Driver/Src/stm32f1xx_ll_usb.o
                                      0x7d999 (size before relaxing)
 .debug_str     0x0000000000083f48      0x270 Middlewares/ST/STM32_USB_Device_Library/Class/HID/Src/usbd_hid.o
                                      0x827bf (size before relaxing)
 .debug_str     0x00000000000841b8      0x1a2 Middlewares/ST/STM32_USB_Device_Library/Core/Src/usbd_core.o
                                      0x825c8 (size before relaxing)
 .debug_str     0x000000000008435a      0x12f Middlewares/ST/STM32_USB_Device_Library/Core/Src/usbd_ctlreq.o
                                      0x8254e (size before relaxing)
 .debug_str     0x0000000000084489       0xc9 Middlewares/ST/STM32_USB_Device_Library/Core/Src/usbd_ioreq.o
                                      0x824d6 (size before relaxing)
 .debug_str     0x0000000000084552       0xb5 USB_DEVICE/App/usb_device.o
                                      0x82642 (size before relaxing)
 .debug_str     0x0000000000084607      0x259 USB_DEVICE/App/usbd_desc.o
                                      0x82442 (size before relaxing)
 .debug_str     0x0000000000084860      0x154 USB_DEVICE/Target/usbd_conf.o
                                      0x82f90 (size before relaxing)

.comment        0x0000000000000000       0x7b
 .comment       0x0000000000000000       0x7b Core/Src/main.o
                                         0x7c (size before relaxing)
 .comment       0x000000000000007b       0x7c Core/Src/stm32f1xx_hal_msp.o
 .comment       0x000000000000007b       0x7c Core/Src/stm32f1xx_it.o
 .comment       0x000000000000007b       0x7c Core/Src/system_stm32f1xx.o
 .comment       0x000000000000007b       0x7c Drivers/STM32F1xx_HAL_Driver/Src/stm32f1xx_hal.o
 .comment       0x000000000000007b       0x7c Drivers/STM32F1xx_HAL_Driver/Src/stm32f1xx_hal_cortex.o
 .comment       0x000000000000007b       0x7c Drivers/STM32F1xx_HAL_Driver/Src/stm32f1xx_hal_gpio.o
 .comment       0x000000000000007b       0x7c Drivers/STM32F1xx_HAL_Driver/Src/stm32f1xx_hal_pcd.o
 .comment       0x000000000000007b       0x7c Drivers/STM32F1xx_HAL_Driver/Src/stm32f1xx_hal_pcd_ex.o
 .comment       0x000000000000007b       0x7c Drivers/STM32F1xx_HAL_Driver/Src/stm32f1xx_hal_rcc.o
 .comment       0x000000000000007b       0x7c Drivers/STM32F1xx_HAL_Driver/Src/stm32f1xx_hal_rcc_ex.o
 .comment       0x000000000000007b       0x7c Drivers/STM32F1xx_HAL_Driver/Src/stm32f1xx_ll_usb.o
 .comment       0x000000000000007b       0x7c Middlewares/ST/STM32_USB_Device_Library/Class/HID/Src/usbd_hid.o
 .comment       0x000000000000007b       0x7c Middlewares/ST/STM32_USB_Device_Library/Core/Src/usbd_core.o
 .comment       0x000000000000007b       0x7c Middlewares/ST/STM32_USB_Device_Library/Core/Src/usbd_ctlreq.o
 .comment       0x000000000000007b       0x7c Middlewares/ST/STM32_USB_Device_Library/Core/Src/usbd_ioreq.o
 .comment       0x000000000000007b       0x7c USB_DEVICE/App/usb_device.o
 .comment       0x000000000000007b       0x7c USB_DEVICE/App/usbd_desc.o
 .comment       0x000000000000007b       0x7c USB_DEVICE/Target/usbd_conf.o

.debug_frame    0x0000000000000000     0x262c
 .debug_frame   0x0000000000000000       0x8c Core/Src/main.o
 .debug_frame   0x000000000000008c       0x38 Core/Src/stm32f1xx_hal_msp.o
 .debug_frame   0x00000000000000c4      0x120 Core/Src/stm32f1xx_it.o
 .debug_frame   0x00000000000001e4       0x58 Core/Src/system_stm32f1xx.o
 .debug_frame   0x000000000000023c      0x334 Drivers/STM32F1xx_HAL_Driver/Src/stm32f1xx_hal.o
 .debug_frame   0x0000000000000570      0x428 Drivers/STM32F1xx_HAL_Driver/Src/stm32f1xx_hal_cortex.o
 .debug_frame   0x0000000000000998      0x14c Drivers/STM32F1xx_HAL_Driver/Src/stm32f1xx_hal_gpio.o
 .debug_frame   0x0000000000000ae4      0x578 Drivers/STM32F1xx_HAL_Driver/Src/stm32f1xx_hal_pcd.o
 .debug_frame   0x000000000000105c       0xb0 Drivers/STM32F1xx_HAL_Driver/Src/stm32f1xx_hal_pcd_ex.o
 .debug_frame   0x000000000000110c      0x21c Drivers/STM32F1xx_HAL_Driver/Src/stm32f1xx_hal_rcc.o
 .debug_frame   0x0000000000001328       0x84 Drivers/STM32F1xx_HAL_Driver/Src/stm32f1xx_hal_rcc_ex.o
 .debug_frame   0x00000000000013ac      0x450 Drivers/STM32F1xx_HAL_Driver/Src/stm32f1xx_ll_usb.o
 .debug_frame   0x00000000000017fc      0x190 Middlewares/ST/STM32_USB_Device_Library/Class/HID/Src/usbd_hid.o
 .debug_frame   0x000000000000198c      0x300 Middlewares/ST/STM32_USB_Device_Library/Core/Src/usbd_core.o
 .debug_frame   0x0000000000001c8c      0x218 Middlewares/ST/STM32_USB_Device_Library/Core/Src/usbd_ctlreq.o
 .debug_frame   0x0000000000001ea4      0x10c Middlewares/ST/STM32_USB_Device_Library/Core/Src/usbd_ioreq.o
 .debug_frame   0x0000000000001fb0       0x2c USB_DEVICE/App/usb_device.o
 .debug_frame   0x0000000000001fdc      0x160 USB_DEVICE/App/usbd_desc.o
 .debug_frame   0x000000000000213c      0x4a4 USB_DEVICE/Target/usbd_conf.o
 .debug_frame   0x00000000000025e0       0x2c c:/st/stm32cubeide_1.5.1/stm32cubeide/plugins/com.st.stm32cube.ide.mcu.externaltools.gnu-tools-for-stm32.7-2018-q2-update.win32_1.5.0.202011040924/tools/bin/../lib/gcc/arm-none-eabi/7.3.1/../../../../arm-none-eabi/lib/thumb/v7-m\libc_nano.a(lib_a-init.o)
 .debug_frame   0x000000000000260c       0x20 c:/st/stm32cubeide_1.5.1/stm32cubeide/plugins/com.st.stm32cube.ide.mcu.externaltools.gnu-tools-for-stm32.7-2018-q2-update.win32_1.5.0.202011040924/tools/bin/../lib/gcc/arm-none-eabi/7.3.1/../../../../arm-none-eabi/lib/thumb/v7-m\libc_nano.a(lib_a-memset.o)
